../Core/Src/main.c:69:5:_write	24	static
../Core/Src/main.c:73:6:send	16	static
../Core/Src/main.c:79:6:send_string	16	static
../Core/Src/main.c:86:6:send1	16	static
../Core/Src/main.c:92:6:send_string1	16	static
../Core/Src/main.c:101:5:checker	24	static
../Core/Src/main.c:127:5:main	8	static
../Core/Src/main.c:220:6:SystemClock_Config	88	static
../Core/Src/main.c:268:13:MX_USART1_UART_Init	8	static
../Core/Src/main.c:301:13:MX_USART2_UART_Init	8	static
../Core/Src/main.c:332:13:MX_DMA_Init	16	static
../Core/Src/main.c:350:13:MX_GPIO_Init	48	static
../Core/Src/main.c:390:6:Error_Handler	4	static,ignoring_inline_asm
